  Determining projects to restore...
  All projects are up-to-date for restore.
  YemenSchoolsV1.Domain -> F:\D\final project doument\Year5FinalProject\FinalProject\YemenSchoolsV2\YemenSchoolsV1.Domain\bin\Debug\net8.0\YemenSchoolsV1.Domain.dll
  YemenSchoolsV1.Application -> F:\D\final project doument\Year5FinalProject\FinalProject\YemenSchoolsV2\YemenSchoolsV1.Application\bin\Debug\net8.0\YemenSchoolsV1.Application.dll
F:\D\final project doument\Year5FinalProject\FinalProject\YemenSchoolsV2\YemenSchoolsV1.Persistence\Data\DataSeeder.cs(332,27): warning CS8618: Non-nullable property 'Cities' must contain a non-null value when exiting constructor. Consider adding the 'required' modifier or declaring the property as nullable. [F:\D\final project doument\Year5FinalProject\FinalProject\YemenSchoolsV2\YemenSchoolsV1.Persistence\YemenSchoolsV1.Persistence.csproj]
F:\D\final project doument\Year5FinalProject\FinalProject\YemenSchoolsV2\YemenSchoolsV1.Persistence\Data\DataSeeder.cs(333,29): warning CS8618: Non-nullable property 'Regions' must contain a non-null value when exiting constructor. Consider adding the 'required' modifier or declaring the property as nullable. [F:\D\final project doument\Year5FinalProject\FinalProject\YemenSchoolsV2\YemenSchoolsV1.Persistence\YemenSchoolsV1.Persistence.csproj]
F:\D\final project doument\Year5FinalProject\FinalProject\YemenSchoolsV2\YemenSchoolsV1.Persistence\Data\DataSeeder.cs(334,29): warning CS8618: Non-nullable property 'Schools' must contain a non-null value when exiting constructor. Consider adding the 'required' modifier or declaring the property as nullable. [F:\D\final project doument\Year5FinalProject\FinalProject\YemenSchoolsV2\YemenSchoolsV1.Persistence\YemenSchoolsV1.Persistence.csproj]
F:\D\final project doument\Year5FinalProject\FinalProject\YemenSchoolsV2\YemenSchoolsV1.Persistence\Data\DataSeeder.cs(79,49): warning CS8602: Dereference of a possibly null reference. [F:\D\final project doument\Year5FinalProject\FinalProject\YemenSchoolsV2\YemenSchoolsV1.Persistence\YemenSchoolsV1.Persistence.csproj]
F:\D\final project doument\Year5FinalProject\FinalProject\YemenSchoolsV2\YemenSchoolsV1.Persistence\Repositories\SchoolReviewRepository.cs(37,32): warning CS8601: Possible null reference assignment. [F:\D\final project doument\Year5FinalProject\FinalProject\YemenSchoolsV2\YemenSchoolsV1.Persistence\YemenSchoolsV1.Persistence.csproj]
F:\D\final project doument\Year5FinalProject\FinalProject\YemenSchoolsV2\YemenSchoolsV1.Persistence\Repositories\SchoolReviewRepository.cs(38,33): warning CS8601: Possible null reference assignment. [F:\D\final project doument\Year5FinalProject\FinalProject\YemenSchoolsV2\YemenSchoolsV1.Persistence\YemenSchoolsV1.Persistence.csproj]
F:\D\final project doument\Year5FinalProject\FinalProject\YemenSchoolsV2\YemenSchoolsV1.Persistence\Repositories\DashboardRepository.cs(29,39): warning CS8601: Possible null reference assignment. [F:\D\final project doument\Year5FinalProject\FinalProject\YemenSchoolsV2\YemenSchoolsV1.Persistence\YemenSchoolsV1.Persistence.csproj]
  YemenSchoolsV1.Persistence -> F:\D\final project doument\Year5FinalProject\FinalProject\YemenSchoolsV2\YemenSchoolsV1.Persistence\bin\Debug\net8.0\YemenSchoolsV1.Persistence.dll
F:\D\final project doument\Year5FinalProject\FinalProject\YemenSchoolsV2\YemenSchoolsV1.Services\Implementations\RegionService.cs(62,20): warning CS8603: Possible null reference return. [F:\D\final project doument\Year5FinalProject\FinalProject\YemenSchoolsV2\YemenSchoolsV1.Services\YemenSchoolsV1.Services.csproj]
  YemenSchoolsV1.Services -> F:\D\final project doument\Year5FinalProject\FinalProject\YemenSchoolsV2\YemenSchoolsV1.Services\bin\Debug\net8.0\YemenSchoolsV1.Services.dll
F:\D\final project doument\Year5FinalProject\FinalProject\YemenSchoolsV2\YemenSchoolsV1.API\SignalR\MessageHub.cs(13,37): warning CS9113: Parameter 'presenceHub' is unread. [F:\D\final project doument\Year5FinalProject\FinalProject\YemenSchoolsV2\YemenSchoolsV1.API\YemenSchoolsV1.API.csproj]
F:\D\final project doument\Year5FinalProject\FinalProject\YemenSchoolsV2\YemenSchoolsV1.API\SignalR\MessageHub.cs(13,101): warning CS9113: Parameter 'teacherRepository' is unread. [F:\D\final project doument\Year5FinalProject\FinalProject\YemenSchoolsV2\YemenSchoolsV1.API\YemenSchoolsV1.API.csproj]
F:\D\final project doument\Year5FinalProject\FinalProject\YemenSchoolsV2\YemenSchoolsV1.API\SignalR\MessageHub.cs(13,138): warning CS9113: Parameter 'parentRepository' is unread. [F:\D\final project doument\Year5FinalProject\FinalProject\YemenSchoolsV2\YemenSchoolsV1.API\YemenSchoolsV1.API.csproj]
F:\D\final project doument\Year5FinalProject\FinalProject\YemenSchoolsV2\YemenSchoolsV1.API\SignalR\PresenceHub.cs(33,20): warning CS8604: Possible null reference argument for parameter 'user' in 'Guid ClaimsPrincipleExtensions.GetUserId(ClaimsPrincipal user)'. [F:\D\final project doument\Year5FinalProject\FinalProject\YemenSchoolsV2\YemenSchoolsV1.API\YemenSchoolsV1.API.csproj]
F:\D\final project doument\Year5FinalProject\FinalProject\YemenSchoolsV2\YemenSchoolsV1.API\SignalR\MessageHub.cs(103,20): warning CS8604: Possible null reference argument for parameter 'user' in 'Guid ClaimsPrincipleExtensions.GetUserId(ClaimsPrincipal user)'. [F:\D\final project doument\Year5FinalProject\FinalProject\YemenSchoolsV2\YemenSchoolsV1.API\YemenSchoolsV1.API.csproj]
F:\D\final project doument\Year5FinalProject\FinalProject\YemenSchoolsV2\YemenSchoolsV1.API\Bases\AppControllerBase.cs(14,63): warning CS8601: Possible null reference assignment. [F:\D\final project doument\Year5FinalProject\FinalProject\YemenSchoolsV2\YemenSchoolsV1.API\YemenSchoolsV1.API.csproj]
F:\D\final project doument\Year5FinalProject\FinalProject\YemenSchoolsV2\YemenSchoolsV1.API\Bases\AppControllerBase.cs(14,41): warning CS8603: Possible null reference return. [F:\D\final project doument\Year5FinalProject\FinalProject\YemenSchoolsV2\YemenSchoolsV1.API\YemenSchoolsV1.API.csproj]
F:\D\final project doument\Year5FinalProject\FinalProject\YemenSchoolsV2\YemenSchoolsV1.API\Controllers\DailyLogController.cs(41,72): warning CS8602: Dereference of a possibly null reference. [F:\D\final project doument\Year5FinalProject\FinalProject\YemenSchoolsV2\YemenSchoolsV1.API\YemenSchoolsV1.API.csproj]
F:\D\final project doument\Year5FinalProject\FinalProject\YemenSchoolsV2\YemenSchoolsV1.API\Bases\AppControllerBase.cs(13,27): warning CS8618: Non-nullable field '_mediatorInstance' must contain a non-null value when exiting constructor. Consider adding the 'required' modifier or declaring the field as nullable. [F:\D\final project doument\Year5FinalProject\FinalProject\YemenSchoolsV2\YemenSchoolsV1.API\YemenSchoolsV1.API.csproj]
F:\D\final project doument\Year5FinalProject\FinalProject\YemenSchoolsV2\YemenSchoolsV1.API\Controllers\ReportsController.cs(21,26): warning CS8602: Dereference of a possibly null reference. [F:\D\final project doument\Year5FinalProject\FinalProject\YemenSchoolsV2\YemenSchoolsV1.API\YemenSchoolsV1.API.csproj]
F:\D\final project doument\Year5FinalProject\FinalProject\YemenSchoolsV2\YemenSchoolsV1.API\Controllers\ReportsController.cs(31,25): warning CS8602: Dereference of a possibly null reference. [F:\D\final project doument\Year5FinalProject\FinalProject\YemenSchoolsV2\YemenSchoolsV1.API\YemenSchoolsV1.API.csproj]
F:\D\final project doument\Year5FinalProject\FinalProject\YemenSchoolsV2\YemenSchoolsV1.API\Program.cs(108,28): warning CS8602: Dereference of a possibly null reference. [F:\D\final project doument\Year5FinalProject\FinalProject\YemenSchoolsV2\YemenSchoolsV1.API\YemenSchoolsV1.API.csproj]
F:\D\final project doument\Year5FinalProject\FinalProject\YemenSchoolsV2\YemenSchoolsV1.API\Controllers\StudentController.cs(161,28): warning CS8601: Possible null reference assignment. [F:\D\final project doument\Year5FinalProject\FinalProject\YemenSchoolsV2\YemenSchoolsV1.API\YemenSchoolsV1.API.csproj]
F:\D\final project doument\Year5FinalProject\FinalProject\YemenSchoolsV2\YemenSchoolsV1.API\Controllers\StudentController.cs(221,26): warning CS8601: Possible null reference assignment. [F:\D\final project doument\Year5FinalProject\FinalProject\YemenSchoolsV2\YemenSchoolsV1.API\YemenSchoolsV1.API.csproj]
F:\D\final project doument\Year5FinalProject\FinalProject\YemenSchoolsV2\YemenSchoolsV1.API\Controllers\StudentController.cs(222,26): warning CS8601: Possible null reference assignment. [F:\D\final project doument\Year5FinalProject\FinalProject\YemenSchoolsV2\YemenSchoolsV1.API\YemenSchoolsV1.API.csproj]
F:\D\final project doument\Year5FinalProject\FinalProject\YemenSchoolsV2\YemenSchoolsV1.API\Controllers\StudentController.cs(223,31): warning CS8601: Possible null reference assignment. [F:\D\final project doument\Year5FinalProject\FinalProject\YemenSchoolsV2\YemenSchoolsV1.API\YemenSchoolsV1.API.csproj]
F:\D\final project doument\Year5FinalProject\FinalProject\YemenSchoolsV2\YemenSchoolsV1.API\Controllers\StudentController.cs(224,27): warning CS8601: Possible null reference assignment. [F:\D\final project doument\Year5FinalProject\FinalProject\YemenSchoolsV2\YemenSchoolsV1.API\YemenSchoolsV1.API.csproj]
  YemenSchoolsV1.API -> F:\D\final project doument\Year5FinalProject\FinalProject\YemenSchoolsV2\YemenSchoolsV1.API\bin\Debug\net8.0\YemenSchoolsV1.API.dll

Build succeeded.

F:\D\final project doument\Year5FinalProject\FinalProject\YemenSchoolsV2\YemenSchoolsV1.Persistence\Data\DataSeeder.cs(332,27): warning CS8618: Non-nullable property 'Cities' must contain a non-null value when exiting constructor. Consider adding the 'required' modifier or declaring the property as nullable. [F:\D\final project doument\Year5FinalProject\FinalProject\YemenSchoolsV2\YemenSchoolsV1.Persistence\YemenSchoolsV1.Persistence.csproj]
F:\D\final project doument\Year5FinalProject\FinalProject\YemenSchoolsV2\YemenSchoolsV1.Persistence\Data\DataSeeder.cs(333,29): warning CS8618: Non-nullable property 'Regions' must contain a non-null value when exiting constructor. Consider adding the 'required' modifier or declaring the property as nullable. [F:\D\final project doument\Year5FinalProject\FinalProject\YemenSchoolsV2\YemenSchoolsV1.Persistence\YemenSchoolsV1.Persistence.csproj]
F:\D\final project doument\Year5FinalProject\FinalProject\YemenSchoolsV2\YemenSchoolsV1.Persistence\Data\DataSeeder.cs(334,29): warning CS8618: Non-nullable property 'Schools' must contain a non-null value when exiting constructor. Consider adding the 'required' modifier or declaring the property as nullable. [F:\D\final project doument\Year5FinalProject\FinalProject\YemenSchoolsV2\YemenSchoolsV1.Persistence\YemenSchoolsV1.Persistence.csproj]
F:\D\final project doument\Year5FinalProject\FinalProject\YemenSchoolsV2\YemenSchoolsV1.Persistence\Data\DataSeeder.cs(79,49): warning CS8602: Dereference of a possibly null reference. [F:\D\final project doument\Year5FinalProject\FinalProject\YemenSchoolsV2\YemenSchoolsV1.Persistence\YemenSchoolsV1.Persistence.csproj]
F:\D\final project doument\Year5FinalProject\FinalProject\YemenSchoolsV2\YemenSchoolsV1.Persistence\Repositories\SchoolReviewRepository.cs(37,32): warning CS8601: Possible null reference assignment. [F:\D\final project doument\Year5FinalProject\FinalProject\YemenSchoolsV2\YemenSchoolsV1.Persistence\YemenSchoolsV1.Persistence.csproj]
F:\D\final project doument\Year5FinalProject\FinalProject\YemenSchoolsV2\YemenSchoolsV1.Persistence\Repositories\SchoolReviewRepository.cs(38,33): warning CS8601: Possible null reference assignment. [F:\D\final project doument\Year5FinalProject\FinalProject\YemenSchoolsV2\YemenSchoolsV1.Persistence\YemenSchoolsV1.Persistence.csproj]
F:\D\final project doument\Year5FinalProject\FinalProject\YemenSchoolsV2\YemenSchoolsV1.Persistence\Repositories\DashboardRepository.cs(29,39): warning CS8601: Possible null reference assignment. [F:\D\final project doument\Year5FinalProject\FinalProject\YemenSchoolsV2\YemenSchoolsV1.Persistence\YemenSchoolsV1.Persistence.csproj]
F:\D\final project doument\Year5FinalProject\FinalProject\YemenSchoolsV2\YemenSchoolsV1.Services\Implementations\RegionService.cs(62,20): warning CS8603: Possible null reference return. [F:\D\final project doument\Year5FinalProject\FinalProject\YemenSchoolsV2\YemenSchoolsV1.Services\YemenSchoolsV1.Services.csproj]
F:\D\final project doument\Year5FinalProject\FinalProject\YemenSchoolsV2\YemenSchoolsV1.API\SignalR\MessageHub.cs(13,37): warning CS9113: Parameter 'presenceHub' is unread. [F:\D\final project doument\Year5FinalProject\FinalProject\YemenSchoolsV2\YemenSchoolsV1.API\YemenSchoolsV1.API.csproj]
F:\D\final project doument\Year5FinalProject\FinalProject\YemenSchoolsV2\YemenSchoolsV1.API\SignalR\MessageHub.cs(13,101): warning CS9113: Parameter 'teacherRepository' is unread. [F:\D\final project doument\Year5FinalProject\FinalProject\YemenSchoolsV2\YemenSchoolsV1.API\YemenSchoolsV1.API.csproj]
F:\D\final project doument\Year5FinalProject\FinalProject\YemenSchoolsV2\YemenSchoolsV1.API\SignalR\MessageHub.cs(13,138): warning CS9113: Parameter 'parentRepository' is unread. [F:\D\final project doument\Year5FinalProject\FinalProject\YemenSchoolsV2\YemenSchoolsV1.API\YemenSchoolsV1.API.csproj]
F:\D\final project doument\Year5FinalProject\FinalProject\YemenSchoolsV2\YemenSchoolsV1.API\SignalR\PresenceHub.cs(33,20): warning CS8604: Possible null reference argument for parameter 'user' in 'Guid ClaimsPrincipleExtensions.GetUserId(ClaimsPrincipal user)'. [F:\D\final project doument\Year5FinalProject\FinalProject\YemenSchoolsV2\YemenSchoolsV1.API\YemenSchoolsV1.API.csproj]
F:\D\final project doument\Year5FinalProject\FinalProject\YemenSchoolsV2\YemenSchoolsV1.API\SignalR\MessageHub.cs(103,20): warning CS8604: Possible null reference argument for parameter 'user' in 'Guid ClaimsPrincipleExtensions.GetUserId(ClaimsPrincipal user)'. [F:\D\final project doument\Year5FinalProject\FinalProject\YemenSchoolsV2\YemenSchoolsV1.API\YemenSchoolsV1.API.csproj]
F:\D\final project doument\Year5FinalProject\FinalProject\YemenSchoolsV2\YemenSchoolsV1.API\Bases\AppControllerBase.cs(14,63): warning CS8601: Possible null reference assignment. [F:\D\final project doument\Year5FinalProject\FinalProject\YemenSchoolsV2\YemenSchoolsV1.API\YemenSchoolsV1.API.csproj]
F:\D\final project doument\Year5FinalProject\FinalProject\YemenSchoolsV2\YemenSchoolsV1.API\Bases\AppControllerBase.cs(14,41): warning CS8603: Possible null reference return. [F:\D\final project doument\Year5FinalProject\FinalProject\YemenSchoolsV2\YemenSchoolsV1.API\YemenSchoolsV1.API.csproj]
F:\D\final project doument\Year5FinalProject\FinalProject\YemenSchoolsV2\YemenSchoolsV1.API\Controllers\DailyLogController.cs(41,72): warning CS8602: Dereference of a possibly null reference. [F:\D\final project doument\Year5FinalProject\FinalProject\YemenSchoolsV2\YemenSchoolsV1.API\YemenSchoolsV1.API.csproj]
F:\D\final project doument\Year5FinalProject\FinalProject\YemenSchoolsV2\YemenSchoolsV1.API\Bases\AppControllerBase.cs(13,27): warning CS8618: Non-nullable field '_mediatorInstance' must contain a non-null value when exiting constructor. Consider adding the 'required' modifier or declaring the field as nullable. [F:\D\final project doument\Year5FinalProject\FinalProject\YemenSchoolsV2\YemenSchoolsV1.API\YemenSchoolsV1.API.csproj]
F:\D\final project doument\Year5FinalProject\FinalProject\YemenSchoolsV2\YemenSchoolsV1.API\Controllers\ReportsController.cs(21,26): warning CS8602: Dereference of a possibly null reference. [F:\D\final project doument\Year5FinalProject\FinalProject\YemenSchoolsV2\YemenSchoolsV1.API\YemenSchoolsV1.API.csproj]
F:\D\final project doument\Year5FinalProject\FinalProject\YemenSchoolsV2\YemenSchoolsV1.API\Controllers\ReportsController.cs(31,25): warning CS8602: Dereference of a possibly null reference. [F:\D\final project doument\Year5FinalProject\FinalProject\YemenSchoolsV2\YemenSchoolsV1.API\YemenSchoolsV1.API.csproj]
F:\D\final project doument\Year5FinalProject\FinalProject\YemenSchoolsV2\YemenSchoolsV1.API\Program.cs(108,28): warning CS8602: Dereference of a possibly null reference. [F:\D\final project doument\Year5FinalProject\FinalProject\YemenSchoolsV2\YemenSchoolsV1.API\YemenSchoolsV1.API.csproj]
F:\D\final project doument\Year5FinalProject\FinalProject\YemenSchoolsV2\YemenSchoolsV1.API\Controllers\StudentController.cs(161,28): warning CS8601: Possible null reference assignment. [F:\D\final project doument\Year5FinalProject\FinalProject\YemenSchoolsV2\YemenSchoolsV1.API\YemenSchoolsV1.API.csproj]
F:\D\final project doument\Year5FinalProject\FinalProject\YemenSchoolsV2\YemenSchoolsV1.API\Controllers\StudentController.cs(221,26): warning CS8601: Possible null reference assignment. [F:\D\final project doument\Year5FinalProject\FinalProject\YemenSchoolsV2\YemenSchoolsV1.API\YemenSchoolsV1.API.csproj]
F:\D\final project doument\Year5FinalProject\FinalProject\YemenSchoolsV2\YemenSchoolsV1.API\Controllers\StudentController.cs(222,26): warning CS8601: Possible null reference assignment. [F:\D\final project doument\Year5FinalProject\FinalProject\YemenSchoolsV2\YemenSchoolsV1.API\YemenSchoolsV1.API.csproj]
F:\D\final project doument\Year5FinalProject\FinalProject\YemenSchoolsV2\YemenSchoolsV1.API\Controllers\StudentController.cs(223,31): warning CS8601: Possible null reference assignment. [F:\D\final project doument\Year5FinalProject\FinalProject\YemenSchoolsV2\YemenSchoolsV1.API\YemenSchoolsV1.API.csproj]
F:\D\final project doument\Year5FinalProject\FinalProject\YemenSchoolsV2\YemenSchoolsV1.API\Controllers\StudentController.cs(224,27): warning CS8601: Possible null reference assignment. [F:\D\final project doument\Year5FinalProject\FinalProject\YemenSchoolsV2\YemenSchoolsV1.API\YemenSchoolsV1.API.csproj]
    25 Warning(s)
    0 Error(s)

Time Elapsed 00:00:07.73
